------------------------------------------------------------
TimeQuest Timing Analyzer Summary
------------------------------------------------------------

Type  : Slow Model Setup 'clk'
Slack : -8.013
TNS   : -1217.814

Type  : Slow Model Setup 'cancel_purchase'
Slack : -4.644
TNS   : -62.073

Type  : Slow Model Setup 'choice[0]'
Slack : -0.914
TNS   : -2.128

Type  : Slow Model Hold 'cancel_purchase'
Slack : -2.154
TNS   : -26.973

Type  : Slow Model Hold 'choice[0]'
Slack : -0.830
TNS   : -4.553

Type  : Slow Model Hold 'clk'
Slack : 0.445
TNS   : 0.000

Type  : Slow Model Minimum Pulse Width 'clk'
Slack : -1.631
TNS   : -246.031

Type  : Slow Model Minimum Pulse Width 'cancel_purchase'
Slack : -1.631
TNS   : -1.631

Type  : Slow Model Minimum Pulse Width 'choice[0]'
Slack : -1.631
TNS   : -1.631

Type  : Fast Model Setup 'clk'
Slack : -2.455
TNS   : -406.908

Type  : Fast Model Setup 'cancel_purchase'
Slack : -0.951
TNS   : -13.084

Type  : Fast Model Setup 'choice[0]'
Slack : 0.360
TNS   : 0.000

Type  : Fast Model Hold 'cancel_purchase'
Slack : -1.305
TNS   : -19.648

Type  : Fast Model Hold 'choice[0]'
Slack : -0.708
TNS   : -4.856

Type  : Fast Model Hold 'clk'
Slack : 0.030
TNS   : 0.000

Type  : Fast Model Minimum Pulse Width 'clk'
Slack : -1.380
TNS   : -201.380

Type  : Fast Model Minimum Pulse Width 'cancel_purchase'
Slack : -1.380
TNS   : -1.380

Type  : Fast Model Minimum Pulse Width 'choice[0]'
Slack : -1.380
TNS   : -1.380

------------------------------------------------------------
