------------------------------------------------------------
TimeQuest Timing Analyzer Summary
------------------------------------------------------------

Type  : Slow Model Setup 'clk'
Slack : -19.613
TNS   : -1808.321

Type  : Slow Model Setup 'cancel_purchase'
Slack : -6.048
TNS   : -56.946

Type  : Slow Model Setup 'choice[0]'
Slack : -0.291
TNS   : -0.501

Type  : Slow Model Hold 'cancel_purchase'
Slack : -1.526
TNS   : -21.006

Type  : Slow Model Hold 'choice[0]'
Slack : -0.815
TNS   : -5.383

Type  : Slow Model Hold 'clk'
Slack : 0.445
TNS   : 0.000

Type  : Slow Model Minimum Pulse Width 'clk'
Slack : -1.631
TNS   : -260.695

Type  : Slow Model Minimum Pulse Width 'cancel_purchase'
Slack : -1.631
TNS   : -1.631

Type  : Slow Model Minimum Pulse Width 'choice[0]'
Slack : -1.631
TNS   : -1.631

Type  : Fast Model Setup 'clk'
Slack : -6.715
TNS   : -607.623

Type  : Fast Model Setup 'cancel_purchase'
Slack : -1.396
TNS   : -11.803

Type  : Fast Model Setup 'choice[0]'
Slack : 0.680
TNS   : 0.000

Type  : Fast Model Hold 'cancel_purchase'
Slack : -1.057
TNS   : -17.735

Type  : Fast Model Hold 'choice[0]'
Slack : -0.685
TNS   : -5.230

Type  : Fast Model Hold 'clk'
Slack : 0.156
TNS   : 0.000

Type  : Fast Model Minimum Pulse Width 'clk'
Slack : -1.380
TNS   : -213.380

Type  : Fast Model Minimum Pulse Width 'cancel_purchase'
Slack : -1.380
TNS   : -1.380

Type  : Fast Model Minimum Pulse Width 'choice[0]'
Slack : -1.380
TNS   : -1.380

------------------------------------------------------------
