------------------------------------------------------------
TimeQuest Timing Analyzer Summary
------------------------------------------------------------

Type  : Slow 1200mV 85C Model Setup 'clk'
Slack : -4.126
TNS   : -569.125

Type  : Slow 1200mV 85C Model Setup 'choice[0]'
Slack : -0.156
TNS   : -0.156

Type  : Slow 1200mV 85C Model Hold 'clk'
Slack : -0.223
TNS   : -0.223

Type  : Slow 1200mV 85C Model Hold 'choice[0]'
Slack : -0.208
TNS   : -0.208

Type  : Slow 1200mV 85C Model Minimum Pulse Width 'clk'
Slack : -3.000
TNS   : -185.000

Type  : Slow 1200mV 85C Model Minimum Pulse Width 'choice[0]'
Slack : -3.000
TNS   : -3.000

Type  : Slow 1200mV 0C Model Setup 'clk'
Slack : -3.585
TNS   : -495.063

Type  : Slow 1200mV 0C Model Setup 'choice[0]'
Slack : -0.113
TNS   : -0.113

Type  : Slow 1200mV 0C Model Hold 'choice[0]'
Slack : -0.188
TNS   : -0.188

Type  : Slow 1200mV 0C Model Hold 'clk'
Slack : -0.162
TNS   : -0.162

Type  : Slow 1200mV 0C Model Minimum Pulse Width 'clk'
Slack : -3.000
TNS   : -185.000

Type  : Slow 1200mV 0C Model Minimum Pulse Width 'choice[0]'
Slack : -3.000
TNS   : -3.000

Type  : Fast 1200mV 0C Model Setup 'clk'
Slack : -1.884
TNS   : -238.065

Type  : Fast 1200mV 0C Model Setup 'choice[0]'
Slack : 0.454
TNS   : 0.000

Type  : Fast 1200mV 0C Model Hold 'clk'
Slack : -0.224
TNS   : -0.224

Type  : Fast 1200mV 0C Model Hold 'choice[0]'
Slack : -0.117
TNS   : -0.117

Type  : Fast 1200mV 0C Model Minimum Pulse Width 'clk'
Slack : -3.000
TNS   : -190.870

Type  : Fast 1200mV 0C Model Minimum Pulse Width 'choice[0]'
Slack : -3.000
TNS   : -3.000

------------------------------------------------------------
