------------------------------------------------------------
TimeQuest Timing Analyzer Summary
------------------------------------------------------------

Type  : Slow 1200mV 85C Model Setup 'clk'
Slack : -15.330
TNS   : -978.499

Type  : Slow 1200mV 85C Model Setup 'choice[0]'
Slack : 0.150
TNS   : 0.000

Type  : Slow 1200mV 85C Model Hold 'choice[0]'
Slack : -0.491
TNS   : -1.305

Type  : Slow 1200mV 85C Model Hold 'clk'
Slack : 0.340
TNS   : 0.000

Type  : Slow 1200mV 85C Model Recovery 'clk'
Slack : -4.708
TNS   : -115.563

Type  : Slow 1200mV 85C Model Removal 'clk'
Slack : 0.949
TNS   : 0.000

Type  : Slow 1200mV 85C Model Minimum Pulse Width 'clk'
Slack : -3.000
TNS   : -214.000

Type  : Slow 1200mV 85C Model Minimum Pulse Width 'choice[0]'
Slack : -3.000
TNS   : -3.000

Type  : Slow 1200mV 0C Model Setup 'clk'
Slack : -13.542
TNS   : -853.640

Type  : Slow 1200mV 0C Model Setup 'choice[0]'
Slack : 0.130
TNS   : 0.000

Type  : Slow 1200mV 0C Model Hold 'choice[0]'
Slack : -0.438
TNS   : -1.105

Type  : Slow 1200mV 0C Model Hold 'clk'
Slack : 0.296
TNS   : 0.000

Type  : Slow 1200mV 0C Model Recovery 'clk'
Slack : -4.112
TNS   : -100.624

Type  : Slow 1200mV 0C Model Removal 'clk'
Slack : 0.875
TNS   : 0.000

Type  : Slow 1200mV 0C Model Minimum Pulse Width 'clk'
Slack : -3.000
TNS   : -214.000

Type  : Slow 1200mV 0C Model Minimum Pulse Width 'choice[0]'
Slack : -3.000
TNS   : -3.000

Type  : Fast 1200mV 0C Model Setup 'clk'
Slack : -8.178
TNS   : -476.196

Type  : Fast 1200mV 0C Model Setup 'choice[0]'
Slack : 0.630
TNS   : 0.000

Type  : Fast 1200mV 0C Model Hold 'choice[0]'
Slack : -0.392
TNS   : -1.032

Type  : Fast 1200mV 0C Model Hold 'clk'
Slack : 0.178
TNS   : 0.000

Type  : Fast 1200mV 0C Model Recovery 'clk'
Slack : -2.207
TNS   : -53.341

Type  : Fast 1200mV 0C Model Removal 'clk'
Slack : 0.425
TNS   : 0.000

Type  : Fast 1200mV 0C Model Minimum Pulse Width 'clk'
Slack : -3.000
TNS   : -220.801

Type  : Fast 1200mV 0C Model Minimum Pulse Width 'choice[0]'
Slack : -3.000
TNS   : -3.000

------------------------------------------------------------
