------------------------------------------------------------
TimeQuest Timing Analyzer Summary
------------------------------------------------------------

Type  : Slow Model Setup 'clk'
Slack : -17.645
TNS   : -1790.305

Type  : Slow Model Setup 'cancel_purchase'
Slack : -4.874
TNS   : -56.532

Type  : Slow Model Setup 'choice[0]'
Slack : -0.416
TNS   : -0.603

Type  : Slow Model Hold 'cancel_purchase'
Slack : -1.514
TNS   : -19.338

Type  : Slow Model Hold 'choice[0]'
Slack : -0.632
TNS   : -3.845

Type  : Slow Model Hold 'clk'
Slack : 0.166
TNS   : 0.000

Type  : Slow Model Minimum Pulse Width 'clk'
Slack : -1.631
TNS   : -270.471

Type  : Slow Model Minimum Pulse Width 'cancel_purchase'
Slack : -1.631
TNS   : -1.631

Type  : Slow Model Minimum Pulse Width 'choice[0]'
Slack : -1.631
TNS   : -1.631

Type  : Fast Model Setup 'clk'
Slack : -5.911
TNS   : -597.159

Type  : Fast Model Setup 'cancel_purchase'
Slack : -1.030
TNS   : -8.453

Type  : Fast Model Setup 'choice[0]'
Slack : 0.546
TNS   : 0.000

Type  : Fast Model Hold 'cancel_purchase'
Slack : -1.068
TNS   : -17.408

Type  : Fast Model Hold 'choice[0]'
Slack : -0.660
TNS   : -4.609

Type  : Fast Model Hold 'clk'
Slack : -0.460
TNS   : -1.301

Type  : Fast Model Minimum Pulse Width 'clk'
Slack : -1.380
TNS   : -221.380

Type  : Fast Model Minimum Pulse Width 'cancel_purchase'
Slack : -1.380
TNS   : -1.380

Type  : Fast Model Minimum Pulse Width 'choice[0]'
Slack : -1.380
TNS   : -1.380

------------------------------------------------------------
